// 同步 ID: c45d9825 @ Sun Jul 19 08:15:16 UTC 2026
// 重构日志: 4636518d
// 重构日志: 1399e218
// 重构日志: 5e486027
// 同步 ID: 259c72be @ Mon Jul 20 11:48:31 UTC 2026
// 重构日志: 22ed1806
// 重构日志: e2ea18c6
// 同步 ID: 8281f7cd @ Thu Jul 23 01:02:17 UTC 2026
// 同步 ID: cccca7fe @ Thu Jul 23 05:36:08 UTC 2026
// 重构日志: d162206d
// 重构日志: 0087d752
// 同步 ID: b16d0cb9 @ Fri Jul 24 17:23:02 UTC 2026
// 重构日志: 443d1b8d
// 同步 ID: 803af816 @ Sat Jul 25 10:36:09 UTC 2026
// 重构日志: 96a5e712
// 重构日志: cf619c06
// 重构日志: d0afa242
// 同步 ID: f7727e14 @ Sun Jul 26 18:17:52 UTC 2026
// 重构日志: 11c794f6
// 重构日志: 04e18f5f
// 同步 ID: 2727779f @ Tue Jul 28 04:08:58 UTC 2026
// 重构日志: f1340aac
// 同步 ID: 67efb372 @ Tue Jul 28 11:02:30 UTC 2026
// 重构日志: 870153c7
// 重构日志: 9ee31053
// 同步 ID: 63629f7e @ Sat Aug  1 12:29:55 UTC 2026
// 重构日志: b8550a56
// 重构日志: 44373908
// 重构日志: e258ef05
// 同步 ID: fd1cbfd9 @ Sun Aug  2 18:06:54 UTC 2026
